BL51 BANKED LINKER/LOCATER V6.22                                                        11/14/2021  10:30:08  PAGE 1


BL51 BANKED LINKER/LOCATER V6.22, INVOKED BY:
D:\KEIL\C51\BIN\BL51.EXE ..\obj\main.obj, ..\obj\LDChip.obj, ..\obj\Reg_RW.obj, ..\obj\Syn6288.obj, ..\obj\usart.obj TO 
>> ..\obj\V07A PRINT (.\V07A.m51) RAMSIZE (256)


MEMORY MODEL: SMALL


INPUT MODULES INCLUDED:
  ..\obj\main.obj (MAIN)
  ..\obj\LDChip.obj (LDCHIP)
  ..\obj\Reg_RW.obj (REG_RW)
  ..\obj\Syn6288.obj (SYN6288)
  ..\obj\usart.obj (USART)
  D:\KEIL\C51\LIB\C51S.LIB (?C_STARTUP)
  D:\KEIL\C51\LIB\C51S.LIB (?C?COPY)
  D:\KEIL\C51\LIB\C51S.LIB (?C?CLDPTR)
  D:\KEIL\C51\LIB\C51S.LIB (?C?CLDOPTR)
  D:\KEIL\C51\LIB\C51S.LIB (?C?SLDIV)
  D:\KEIL\C51\LIB\C51S.LIB (?C?LNEG)
  D:\KEIL\C51\LIB\C51S.LIB (?C?LLDIIDATA)
  D:\KEIL\C51\LIB\C51S.LIB (STRLEN)
  D:\KEIL\C51\LIB\C51S.LIB (?C_INIT)
  D:\KEIL\C51\LIB\C51S.LIB (?C?ULDIV)


LINK MAP OF MODULE:  ..\obj\V07A (MAIN)


            TYPE    BASE      LENGTH    RELOCATION   SEGMENT NAME
            -----------------------------------------------------

            * * * * * * *   D A T A   M E M O R Y   * * * * * * *
            REG     0000H     0008H     ABSOLUTE     "REG BANK 0"
            DATA    0008H     0019H     UNIT         ?DT?SYN6288
            DATA    0021H     0011H     UNIT         _DATA_GROUP_
            DATA    0032H     0002H     UNIT         ?DT?USART
            DATA    0034H     0001H     UNIT         ?DT?MAIN
            IDATA   0035H     0001H     UNIT         ?ID?MAIN
            IDATA   0036H     0001H     UNIT         ?ID?LDCHIP
            IDATA   0037H     0001H     UNIT         _IDATA_GROUP_
            IDATA   0038H     0001H     UNIT         ?STACK

            * * * * * * *  X D A T A   M E M O R Y  * * * * * * *
            XDATA   0000H     015EH     UNIT         _XDATA_GROUP_

            * * * * * * *   C O D E   M E M O R Y   * * * * * * *
            CODE    0000H     0003H     ABSOLUTE     
            CODE    0003H     0003H     ABSOLUTE     
            CODE    0006H     02AAH     UNIT         ?CO?LDCHIP
            CODE    02B0H     0238H     UNIT         ?C?LIB_CODE
            CODE    04E8H     01E4H     UNIT         ?CO?MAIN
            CODE    06CCH     009DH     UNIT         ?PR?LD_ASRADDFIXED?LDCHIP
            CODE    0769H     009DH     UNIT         ?PR?_SYN_FRAMEINFO?SYN6288
            CODE    0806H     009CH     UNIT         ?PR?LD_INIT_COMMON?LDCHIP
            CODE    08A2H     0098H     UNIT         ?PR?_USER_HANDLE?MAIN
            CODE    093AH     0095H     UNIT         ?PR?PROCESSINT0?LDCHIP
            CODE    09CFH     0093H     UNIT         ?PR?LD_ASRRUN?LDCHIP
BL51 BANKED LINKER/LOCATER V6.22                                                      11/14/2021  10:30:08  PAGE 2


            CODE    0A62H     008CH     UNIT         ?C_C51STARTUP
            CODE    0AEEH     005FH     UNIT         ?PR?LD_INIT_ASR?LDCHIP
            CODE    0B4DH     0056H     UNIT         ?PR?MAIN?MAIN
            CODE    0BA3H     004FH     UNIT         ?PR?RUNASR?LDCHIP
            CODE    0BF2H     0044H     UNIT         ?C?LDIV
            CODE    0C36H     0041H     UNIT         ?PR?LD_RESET?LDCHIP
            CODE    0C77H     003BH     UNIT         ?PR?EXTINT0HANDLER?MAIN
            CODE    0CB2H     0035H     UNIT         ?PR?_UART_SEND_STRING?USART
            CODE    0CE7H     002EH     UNIT         ?C_INITSEG
            CODE    0D15H     0029H     UNIT         ?PR?LD_CHECK_ASRBUSYFLAG_B2?LDCHIP
            CODE    0D3EH     0027H     UNIT         ?PR?UARTINI?USART
            CODE    0D65H     0026H     UNIT         ?PR?MCU_INIT?MAIN
            CODE    0D8BH     0025H     UNIT         ?PR?_PRINTCOM?USART
            CODE    0DB0H     0024H     UNIT         ?PR?_DELAY?MAIN
            CODE    0DD4H     0018H     UNIT         ?PR?LED_TEST?MAIN
            CODE    0DECH     0015H     UNIT         ?PR?_STRLEN?STRLEN
            CODE    0E01H     000EH     UNIT         ?PR?_UARTSENDBYTE?USART
            CODE    0E0FH     000DH     UNIT         ?PR?DELAY200MS?MAIN
            CODE    0E1CH     000BH     UNIT         ?PR?DELAY200US?MAIN
            CODE    0E27H     000BH     UNIT         ?PR?_LD_WRITEREG?REG_RW
            CODE    0E32H     000BH     UNIT         ?PR?_LD_READREG?REG_RW
            CODE    0E3DH     0006H     UNIT         ?PR?LD_GETRESULT?LDCHIP
            CODE    0E43H     0003H     UNIT         ?PR?LD_ASRSTART?LDCHIP



OVERLAY MAP OF MODULE:   ..\obj\V07A (MAIN)


SEGMENT                                      DATA_GROUP          IDATA_GROUP         XDATA_GROUP
  +--> CALLED SEGMENT                      START    LENGTH     START    LENGTH     START    LENGTH
--------------------------------------------------------------------------------------------------
?PR?EXTINT0HANDLER?MAIN                    -----    -----      -----    -----      -----    -----
  +--> ?PR?PROCESSINT0?LDCHIP

?PR?PROCESSINT0?LDCHIP                     0021H    0001H      -----    -----      -----    -----
  +--> ?PR?_LD_READREG?REG_RW
  +--> ?PR?_LD_WRITEREG?REG_RW

*** NEW ROOT ***************************************************

?C_C51STARTUP                              -----    -----      -----    -----      -----    -----
  +--> ?PR?MAIN?MAIN
  +--> ?C_INITSEG

?PR?MAIN?MAIN                              0022H    0001H      0037H    0001H      -----    -----
  +--> ?PR?MCU_INIT?MAIN
  +--> ?PR?LD_RESET?LDCHIP
  +--> ?PR?UARTINI?USART
  +--> ?CO?MAIN
  +--> ?PR?_SYN_FRAMEINFO?SYN6288
  +--> ?PR?LED_TEST?MAIN
  +--> ?PR?RUNASR?LDCHIP
  +--> ?PR?LD_GETRESULT?LDCHIP
  +--> ?PR?_USER_HANDLE?MAIN

?PR?LD_RESET?LDCHIP                        -----    -----      -----    -----      -----    -----
BL51 BANKED LINKER/LOCATER V6.22                                                      11/14/2021  10:30:08  PAGE 3


  +--> ?PR?_DELAY?MAIN

?PR?_DELAY?MAIN                            002AH    0008H      -----    -----      -----    -----
  +--> ?PR?DELAY200US?MAIN

?PR?_SYN_FRAMEINFO?SYN6288                 0024H    0006H      -----    -----      0000H    015EH
  +--> ?PR?_STRLEN?STRLEN
  +--> ?PR?_UART_SEND_STRING?USART

?PR?_UART_SEND_STRING?USART                002AH    0005H      -----    -----      -----    -----
  +--> ?PR?_UARTSENDBYTE?USART

?PR?LED_TEST?MAIN                          -----    -----      -----    -----      -----    -----
  +--> ?PR?DELAY200MS?MAIN

?PR?RUNASR?LDCHIP                          0023H    0002H      -----    -----      -----    -----
  +--> ?PR?LD_ASRSTART?LDCHIP
  +--> ?PR?_DELAY?MAIN
  +--> ?PR?LD_ASRADDFIXED?LDCHIP
  +--> ?PR?LD_ASRRUN?LDCHIP
  +--> ?PR?LD_RESET?LDCHIP

?PR?LD_ASRSTART?LDCHIP                     -----    -----      -----    -----      -----    -----
  +--> ?PR?LD_INIT_ASR?LDCHIP

?PR?LD_INIT_ASR?LDCHIP                     -----    -----      -----    -----      -----    -----
  +--> ?PR?LD_INIT_COMMON?LDCHIP
  +--> ?PR?_LD_WRITEREG?REG_RW
  +--> ?PR?_DELAY?MAIN

?PR?LD_INIT_COMMON?LDCHIP                  -----    -----      -----    -----      -----    -----
  +--> ?PR?_LD_READREG?REG_RW
  +--> ?PR?_LD_WRITEREG?REG_RW
  +--> ?PR?_DELAY?MAIN

?PR?LD_ASRADDFIXED?LDCHIP                  0025H    0003H      -----    -----      -----    -----
  +--> ?PR?LD_CHECK_ASRBUSYFLAG_B2?LDCHIP
  +--> ?CO?LDCHIP
  +--> ?PR?_LD_WRITEREG?REG_RW
  +--> ?PR?_DELAY?MAIN

?PR?LD_CHECK_ASRBUSYFLAG_B2?LDCHIP         0028H    0002H      -----    -----      -----    -----
  +--> ?PR?_LD_READREG?REG_RW
  +--> ?PR?_DELAY?MAIN

?PR?LD_ASRRUN?LDCHIP                       -----    -----      -----    -----      -----    -----
  +--> ?PR?_LD_WRITEREG?REG_RW
  +--> ?PR?_DELAY?MAIN
  +--> ?PR?LD_CHECK_ASRBUSYFLAG_B2?LDCHIP

?PR?LD_GETRESULT?LDCHIP                    -----    -----      -----    -----      -----    -----
  +--> ?PR?_LD_READREG?REG_RW

?PR?_USER_HANDLE?MAIN                      0023H    0001H      -----    -----      -----    -----
  +--> ?CO?MAIN
  +--> ?PR?_PRINTCOM?USART
  +--> ?PR?_UARTSENDBYTE?USART
BL51 BANKED LINKER/LOCATER V6.22                                                      11/14/2021  10:30:08  PAGE 4


  +--> ?PR?_SYN_FRAMEINFO?SYN6288

?PR?_PRINTCOM?USART                        0024H    0003H      -----    -----      -----    -----
  +--> ?PR?_UARTSENDBYTE?USART



SYMBOL TABLE OF MODULE:  ..\obj\V07A (MAIN)

  VALUE           TYPE          NAME
  ----------------------------------

  -------         MODULE        MAIN
  C:0000H         SYMBOL        _ICE_DUMMY_
  D:0092H         PUBLIC        P1M0
  D:0091H         PUBLIC        P1M1
  D:0080H         PUBLIC        P0
  D:0090H         PUBLIC        P1
  D:00A0H         PUBLIC        P2
  D:00B0H         PUBLIC        P3
  D:00C0H         PUBLIC        P4
  B:00A8H.7       PUBLIC        EA
  D:00A8H         PUBLIC        IE
  C:0DB0H         PUBLIC        _delay
  B:00C0H.3       PUBLIC        LD_MODE
  D:00B8H         PUBLIC        IP
  I:0035H         PUBLIC        nAsrStatus
  D:00D8H         PUBLIC        CCON
  C:0B4DH         PUBLIC        main
  B:0090H.0       PUBLIC        P10
  B:0090H.1       PUBLIC        P11
  B:0090H.2       PUBLIC        P12
  B:0090H.3       PUBLIC        P13
  D:0098H         PUBLIC        SCON
  D:0088H         PUBLIC        TCON
  C:0DD4H         PUBLIC        Led_test
  B:0088H.1       PUBLIC        IE0
  B:00A8H.0       PUBLIC        EX0
  C:0C77H         PUBLIC        ExtInt0Handler
  B:00C0H.2       PUBLIC        LED
  C:0E0FH         PUBLIC        Delay200ms
  C:0E1CH         PUBLIC        Delay200us
  C:08A2H         PUBLIC        _User_handle
  D:0034H         PUBLIC        G0_flag
  D:00D0H         PUBLIC        PSW
  C:0D65H         PUBLIC        MCU_init
  -------         PROC          MAIN
  -------         DO            
  I:0037H         SYMBOL        nAsrRes
  D:0022H         SYMBOL        i
  -------         ENDDO         
  C:0B4DH         LINE#         43
  C:0B4DH         LINE#         44
  C:0B4DH         LINE#         46
  C:0B50H         LINE#         48
  C:0B53H         LINE#         49
  C:0B56H         LINE#         50
BL51 BANKED LINKER/LOCATER V6.22                                                      11/14/2021  10:30:08  PAGE 5


  C:0B59H         LINE#         51
  C:0B5DH         LINE#         53
  C:0B68H         LINE#         55
  C:0B6BH         LINE#         58
  C:0B6BH         LINE#         59
  C:0B6BH         LINE#         60
  C:0B7DH         LINE#         61
  C:0B7DH         LINE#         62
  C:0B7DH         LINE#         63
  C:0B7DH         LINE#         64
  C:0B7DH         LINE#         65
  C:0B7DH         LINE#         66
  C:0B7DH         LINE#         67
  C:0B81H         LINE#         68
  C:0B87H         LINE#         69
  C:0B87H         LINE#         70
  C:0B8BH         LINE#         71
  C:0B8BH         LINE#         72
  C:0B8DH         LINE#         73
  C:0B8DH         LINE#         74
  C:0B8DH         LINE#         75
  C:0B8DH         LINE#         76
  C:0B94H         LINE#         77
  C:0B97H         LINE#         78
  C:0B9BH         LINE#         79
  C:0B9DH         LINE#         80
  C:0B9DH         LINE#         81
  C:0B9DH         LINE#         82
  C:0B9DH         LINE#         83
  C:0B9DH         LINE#         84
  C:0BA1H         LINE#         85
  -------         ENDPROC       MAIN
  -------         PROC          LED_TEST
  C:0DD4H         LINE#         98
  C:0DD4H         LINE#         99
  C:0DD4H         LINE#         100
  C:0DD7H         LINE#         101
  C:0DDAH         LINE#         102
  C:0DDCH         LINE#         103
  C:0DDFH         LINE#         104
  C:0DE1H         LINE#         105
  C:0DE4H         LINE#         106
  C:0DE6H         LINE#         107
  C:0DE9H         LINE#         108
  C:0DEBH         LINE#         109
  -------         ENDPROC       LED_TEST
  -------         PROC          MCU_INIT
  C:0D65H         LINE#         118
  C:0D65H         LINE#         119
  C:0D65H         LINE#         120
  C:0D68H         LINE#         121
  C:0D6BH         LINE#         122
  C:0D6EH         LINE#         123
  C:0D71H         LINE#         124
  C:0D74H         LINE#         125
  C:0D77H         LINE#         126
  C:0D7AH         LINE#         127
BL51 BANKED LINKER/LOCATER V6.22                                                      11/14/2021  10:30:08  PAGE 6


  C:0D82H         LINE#         128
  C:0D84H         LINE#         129
  C:0D86H         LINE#         130
  C:0D88H         LINE#         131
  C:0D8AH         LINE#         132
  -------         ENDPROC       MCU_INIT
  -------         PROC          DELAY200US
  -------         DO            
  D:0007H         SYMBOL        i
  D:0006H         SYMBOL        j
  -------         ENDDO         
  C:0E1CH         LINE#         141
  C:0E1CH         LINE#         142
  C:0E1CH         LINE#         144
  C:0E1DH         LINE#         145
  C:0E1EH         LINE#         146
  C:0E20H         LINE#         147
  C:0E22H         LINE#         149
  C:0E22H         LINE#         150
  C:0E24H         LINE#         151
  C:0E26H         LINE#         152
  -------         ENDPROC       DELAY200US
  -------         PROC          _DELAY
  D:002AH         SYMBOL        uldata
  -------         DO            
  D:002EH         SYMBOL        j
  D:0030H         SYMBOL        g
  -------         ENDDO         
  C:0DB0H         LINE#         154
  C:0DB8H         LINE#         155
  C:0DB8H         LINE#         156
  C:0DBDH         LINE#         157
  C:0DC1H         LINE#         158
  C:0DCEH         LINE#         159
  C:0DD3H         LINE#         160
  -------         ENDPROC       _DELAY
  -------         PROC          DELAY200MS
  -------         DO            
  D:0007H         SYMBOL        i
  D:0006H         SYMBOL        j
  D:0005H         SYMBOL        k
  -------         ENDDO         
  C:0E0FH         LINE#         162
  C:0E0FH         LINE#         163
  C:0E0FH         LINE#         166
  C:0E11H         LINE#         167
  C:0E13H         LINE#         168
  C:0E15H         LINE#         170
  C:0E15H         LINE#         172
  C:0E15H         LINE#         173
  C:0E17H         LINE#         174
  C:0E19H         LINE#         175
  C:0E1BH         LINE#         176
  -------         ENDPROC       DELAY200MS
  -------         PROC          EXTINT0HANDLER
  C:0C77H         LINE#         186
  C:0C94H         LINE#         188
BL51 BANKED LINKER/LOCATER V6.22                                                      11/14/2021  10:30:08  PAGE 7


  C:0C97H         LINE#         189
  -------         ENDPROC       EXTINT0HANDLER
  -------         PROC          _USER_HANDLE
  D:0023H         SYMBOL        dat
  C:08A2H         LINE#         197
  C:08A4H         LINE#         198
  C:08A4H         LINE#         199
  C:08ADH         LINE#         201
  C:08B5H         LINE#         202
  C:08B9H         LINE#         203
  C:08B9H         LINE#         204
  C:08BCH         LINE#         205
  C:08BEH         LINE#         207
  C:08BFH         LINE#         208
  C:08C5H         LINE#         209
  C:08C5H         LINE#         210
  C:08C7H         LINE#         211
  C:08C9H         LINE#         215
  C:08DDH         LINE#         216
  C:08DDH         LINE#         217
  C:08DDH         LINE#         218
  C:08DFH         LINE#         219
  C:08E5H         LINE#         220
  C:08E7H         LINE#         221
  C:08E7H         LINE#         222
  C:08E9H         LINE#         223
  C:08EFH         LINE#         224
  C:08F1H         LINE#         225
  C:08F1H         LINE#         226
  C:08F3H         LINE#         227
  C:08F9H         LINE#         228
  C:08FBH         LINE#         229
  C:08FBH         LINE#         230
  C:08FDH         LINE#         231
  C:0903H         LINE#         232
  C:0905H         LINE#         233
  C:0905H         LINE#         234
  C:0907H         LINE#         235
  C:0912H         LINE#         236
  C:0912H         LINE#         237
  C:0912H         LINE#         238
  C:091DH         LINE#         239
  C:0923H         LINE#         240
  C:0925H         LINE#         241
  C:0925H         LINE#         242
  C:0925H         LINE#         244
  C:0925H         LINE#         245
  C:0930H         LINE#         246
  C:0939H         LINE#         247
  C:0939H         LINE#         248
  -------         ENDPROC       _USER_HANDLE
  -------         ENDMOD        MAIN

  -------         MODULE        LDCHIP
  C:0000H         SYMBOL        _ICE_DUMMY_
  D:00A0H         PUBLIC        P2
  D:00B0H         PUBLIC        P3
BL51 BANKED LINKER/LOCATER V6.22                                                      11/14/2021  10:30:08  PAGE 8


  D:00C0H         PUBLIC        P4
  D:00A8H         PUBLIC        IE
  C:0E3DH         PUBLIC        LD_GetResult
  C:06CCH         PUBLIC        LD_AsrAddFixed
  D:00B8H         PUBLIC        IP
  I:0036H         PUBLIC        ucRegVal
  C:0BA3H         PUBLIC        RunASR
  D:00D8H         PUBLIC        CCON
  C:0E43H         PUBLIC        LD_AsrStart
  C:0D15H         PUBLIC        LD_Check_ASRBusyFlag_b2
  D:0098H         PUBLIC        SCON
  D:0088H         PUBLIC        TCON
  B:00B0H.5       PUBLIC        RSTB
  C:093AH         PUBLIC        ProcessInt0
  B:00A8H.0       PUBLIC        EX0
  C:0AEEH         PUBLIC        LD_Init_ASR
  C:09CFH         PUBLIC        LD_AsrRun
  C:0806H         PUBLIC        LD_Init_Common
  B:00A0H.1       PUBLIC        CSB
  C:0C36H         PUBLIC        LD_Reset
  D:00D0H         PUBLIC        PSW
  -------         PROC          LD_RESET
  C:0C36H         LINE#         24
  C:0C36H         LINE#         25
  C:0C36H         LINE#         26
  C:0C38H         LINE#         27
  C:0C43H         LINE#         28
  C:0C45H         LINE#         29
  C:0C50H         LINE#         30
  C:0C52H         LINE#         32
  C:0C5DH         LINE#         33
  C:0C5FH         LINE#         34
  C:0C6AH         LINE#         35
  C:0C6CH         LINE#         36
  -------         ENDPROC       LD_RESET
  -------         PROC          LD_INIT_COMMON
  C:0806H         LINE#         45
  C:0806H         LINE#         46
  C:0806H         LINE#         47
  C:080BH         LINE#         48
  C:0812H         LINE#         49
  C:081DH         LINE#         50
  C:0822H         LINE#         52
  C:0829H         LINE#         53
  C:0834H         LINE#         54
  C:083BH         LINE#         55
  C:0846H         LINE#         56
  C:084DH         LINE#         59
  C:0854H         LINE#         61
  C:085BH         LINE#         62
  C:0862H         LINE#         63
  C:0869H         LINE#         64
  C:0870H         LINE#         65
  C:087BH         LINE#         67
  C:0882H         LINE#         69
  C:088DH         LINE#         70
  C:0894H         LINE#         71
BL51 BANKED LINKER/LOCATER V6.22                                                      11/14/2021  10:30:08  PAGE 9


  C:089BH         LINE#         72
  -------         ENDPROC       LD_INIT_COMMON
  -------         PROC          LD_INIT_ASR
  C:0AEEH         LINE#         82
  C:0AEEH         LINE#         83
  C:0AEEH         LINE#         84
  C:0AF1H         LINE#         85
  C:0AF8H         LINE#         86
  C:0AFFH         LINE#         87
  C:0B0AH         LINE#         88
  C:0B11H         LINE#         89
  C:0B18H         LINE#         90
  C:0B1FH         LINE#         91
  C:0B26H         LINE#         92
  C:0B2DH         LINE#         93
  C:0B34H         LINE#         94
  C:0B3BH         LINE#         95
  C:0B42H         LINE#         96
  -------         ENDPROC       LD_INIT_ASR
  -------         PROC          PROCESSINT0
  -------         DO            
  D:0021H         SYMBOL        nAsrResCount
  -------         ENDDO         
  C:093AH         LINE#         107
  C:093AH         LINE#         108
  C:093AH         LINE#         109
  C:093DH         LINE#         111
  C:093FH         LINE#         112
  C:0948H         LINE#         113
  C:094FH         LINE#         114
  C:0956H         LINE#         115
  C:096EH         LINE#         118
  C:096EH         LINE#         119
  C:0975H         LINE#         120
  C:0983H         LINE#         121
  C:0983H         LINE#         122
  C:0987H         LINE#         123
  C:0989H         LINE#         130
  C:0989H         LINE#         131
  C:098DH         LINE#         132
  C:098DH         LINE#         134
  C:0994H         LINE#         135
  C:099BH         LINE#         137
  C:09A2H         LINE#         138
  C:09A9H         LINE#         139
  C:09B0H         LINE#         140
  C:09B7H         LINE#         141
  C:09BEH         LINE#         142
  C:09C5H         LINE#         143
  C:09CCH         LINE#         146
  C:09CEH         LINE#         147
  -------         ENDPROC       PROCESSINT0
  -------         PROC          RUNASR
  -------         DO            
  D:0023H         SYMBOL        i
  D:0024H         SYMBOL        asrflag
  -------         ENDDO         
BL51 BANKED LINKER/LOCATER V6.22                                                      11/14/2021  10:30:08  PAGE 10


  C:0BA3H         LINE#         160
  C:0BA3H         LINE#         161
  C:0BA3H         LINE#         162
  C:0BA6H         LINE#         163
  C:0BA8H         LINE#         164
  C:0BAAH         LINE#         165
  C:0BAAH         LINE#         166
  C:0BADH         LINE#         167
  C:0BB8H         LINE#         168
  C:0BBEH         LINE#         169
  C:0BBEH         LINE#         170
  C:0BBEH         LINE#         171
  C:0BBEH         LINE#         172
  C:0BC0H         LINE#         173
  C:0BC0H         LINE#         174
  C:0BCBH         LINE#         175
  C:0BD1H         LINE#         176
  C:0BD1H         LINE#         177
  C:0BD4H         LINE#         178
  C:0BDFH         LINE#         179
  C:0BE1H         LINE#         180
  C:0BE1H         LINE#         181
  C:0BE4H         LINE#         182
  C:0BE6H         LINE#         183
  C:0BEFH         LINE#         185
  C:0BF1H         LINE#         186
  -------         ENDPROC       RUNASR
  -------         PROC          LD_CHECK_ASRBUSYFLAG_B2
  -------         DO            
  D:0028H         SYMBOL        j
  D:0029H         SYMBOL        flag
  -------         ENDDO         
  C:0D15H         LINE#         193
  C:0D15H         LINE#         194
  C:0D15H         LINE#         196
  C:0D18H         LINE#         197
  C:0D1AH         LINE#         198
  C:0D1AH         LINE#         199
  C:0D22H         LINE#         200
  C:0D22H         LINE#         201
  C:0D25H         LINE#         202
  C:0D27H         LINE#         203
  C:0D27H         LINE#         204
  C:0D32H         LINE#         205
  C:0D3BH         LINE#         206
  C:0D3DH         LINE#         207
  -------         ENDPROC       LD_CHECK_ASRBUSYFLAG_B2
  -------         PROC          LD_ASRSTART
  C:0E43H         LINE#         214
  C:0E43H         LINE#         215
  C:0E43H         LINE#         216
  -------         ENDPROC       LD_ASRSTART
  -------         PROC          LD_ASRRUN
  C:09CFH         LINE#         224
  C:09CFH         LINE#         225
  C:09CFH         LINE#         226
  C:09D1H         LINE#         227
BL51 BANKED LINKER/LOCATER V6.22                                                      11/14/2021  10:30:08  PAGE 11


  C:09D8H         LINE#         228
  C:09DFH         LINE#         229
  C:09E6H         LINE#         230
  C:09EDH         LINE#         231
  C:09F8H         LINE#         232
  C:09FFH         LINE#         233
  C:0A0AH         LINE#         235
  C:0A10H         LINE#         236
  C:0A10H         LINE#         237
  C:0A12H         LINE#         238
  C:0A12H         LINE#         244
  C:0A19H         LINE#         247
  C:0A20H         LINE#         248
  C:0A2BH         LINE#         249
  C:0A32H         LINE#         250
  C:0A3DH         LINE#         251
  C:0A44H         LINE#         252
  C:0A4FH         LINE#         253
  C:0A56H         LINE#         255
  C:0A5DH         LINE#         256
  C:0A5FH         LINE#         257
  C:0A61H         LINE#         258
  -------         ENDPROC       LD_ASRRUN
  -------         PROC          LD_ASRADDFIXED
  -------         DO            
  D:0025H         SYMBOL        k
  D:0026H         SYMBOL        flag
  D:0027H         SYMBOL        nAsrAddLength
  C:0006H         SYMBOL        sRecog
  C:029AH         SYMBOL        pCode
  -------         ENDDO         
  C:06CCH         LINE#         270
  C:06CCH         LINE#         271
  C:06CCH         LINE#         326
  C:06CFH         LINE#         327
  C:06D2H         LINE#         328
  C:06D2H         LINE#         330
  C:06D8H         LINE#         331
  C:06D8H         LINE#         332
  C:06DAH         LINE#         333
  C:06DDH         LINE#         334
  C:06DDH         LINE#         339
  C:06E9H         LINE#         340
  C:06F0H         LINE#         341
  C:06F7H         LINE#         342
  C:0702H         LINE#         343
  C:0709H         LINE#         344
  C:0714H         LINE#         346
  C:0717H         LINE#         347
  C:0717H         LINE#         348
  C:0737H         LINE#         349
  C:0737H         LINE#         350
  C:073CH         LINE#         351
  C:0745H         LINE#         352
  C:074CH         LINE#         353
  C:0753H         LINE#         354
  C:075AH         LINE#         355
BL51 BANKED LINKER/LOCATER V6.22                                                      11/14/2021  10:30:08  PAGE 12


  C:0766H         LINE#         356
  C:0768H         LINE#         357
  -------         ENDPROC       LD_ASRADDFIXED
  -------         PROC          LD_GETRESULT
  C:0E3DH         LINE#         364
  C:0E3DH         LINE#         365
  C:0E3DH         LINE#         366
  C:0E42H         LINE#         367
  -------         ENDPROC       LD_GETRESULT
  -------         ENDMOD        LDCHIP

  -------         MODULE        REG_RW
  C:0000H         SYMBOL        _ICE_DUMMY_
  D:00A0H         PUBLIC        P2
  D:00B0H         PUBLIC        P3
  D:00C0H         PUBLIC        P4
  D:00A8H         PUBLIC        IE
  C:0E32H         PUBLIC        _LD_ReadReg
  D:00B8H         PUBLIC        IP
  C:0E27H         PUBLIC        _LD_WriteReg
  D:00D8H         PUBLIC        CCON
  D:0098H         PUBLIC        SCON
  D:0088H         PUBLIC        TCON
  D:00D0H         PUBLIC        PSW
  -------         PROC          _LD_WRITEREG
  D:0007H         SYMBOL        address
  D:0005H         SYMBOL        dataout
  C:0E27H         LINE#         20
  C:0E27H         LINE#         21
  C:0E27H         LINE#         22
  C:0E2CH         LINE#         23
  C:0E31H         LINE#         24
  -------         ENDPROC       _LD_WRITEREG
  -------         PROC          _LD_READREG
  D:0007H         SYMBOL        address
  C:0E32H         LINE#         26
  C:0E32H         LINE#         27
  C:0E32H         LINE#         28
  C:0E37H         LINE#         29
  C:0E3CH         LINE#         30
  -------         ENDPROC       _LD_READREG
  -------         ENDMOD        REG_RW

  -------         MODULE        SYN6288
  C:0000H         SYMBOL        _ICE_DUMMY_
  D:00A0H         PUBLIC        P2
  D:00B0H         PUBLIC        P3
  D:00C0H         PUBLIC        P4
  D:00A8H         PUBLIC        IE
  D:00B8H         PUBLIC        IP
  D:00D8H         PUBLIC        CCON
  D:0008H         PUBLIC        SYN_StopCom
  D:000DH         PUBLIC        SYN_PowerDownCom
  D:0098H         PUBLIC        SCON
  D:0088H         PUBLIC        TCON
  D:0012H         PUBLIC        SYN_RecoverCom
  C:0769H         PUBLIC        _SYN_FrameInfo
BL51 BANKED LINKER/LOCATER V6.22                                                      11/14/2021  10:30:08  PAGE 13


  D:0017H         PUBLIC        SYN_ChackCom
  D:001CH         PUBLIC        SYN_SuspendCom
  D:00D0H         PUBLIC        PSW
  -------         PROC          _SYN_FRAMEINFO
  D:0024H         SYMBOL        Music
  D:0025H         SYMBOL        HZdata
  -------         DO            
  X:0000H         SYMBOL        Frame_Info
  D:0028H         SYMBOL        HZ_Length
  D:0029H         SYMBOL        ecc
  D:0006H         SYMBOL        i
  -------         ENDDO         
  C:0769H         LINE#         11
  C:0771H         LINE#         12
  C:0771H         LINE#         16
  C:0774H         LINE#         17
  C:0776H         LINE#         18
  C:077BH         LINE#         21
  C:0781H         LINE#         22
  C:0784H         LINE#         23
  C:078AH         LINE#         24
  C:078EH         LINE#         25
  C:0797H         LINE#         28
  C:079AH         LINE#         29
  C:079AH         LINE#         30
  C:07A7H         LINE#         31
  C:07B2H         LINE#         33
  C:07BEH         LINE#         34
  C:07BEH         LINE#         35
  C:07CDH         LINE#         36
  C:07D4H         LINE#         38
  C:07E7H         LINE#         39
  C:07F5H         LINE#         40
  -------         ENDPROC       _SYN_FRAMEINFO
  -------         ENDMOD        SYN6288

  -------         MODULE        USART
  C:0000H         SYMBOL        _ICE_DUMMY_
  D:00A0H         PUBLIC        P2
  D:00B0H         PUBLIC        P3
  D:00C0H         PUBLIC        P4
  C:0CB2H         PUBLIC        _UART_Send_String
  B:00A8H.7       PUBLIC        EA
  D:00A8H         PUBLIC        IE
  B:00A8H.4       PUBLIC        ES
  D:00B8H         PUBLIC        IP
  B:0098H.1       PUBLIC        TI
  D:0032H         PUBLIC        baud
  D:00D8H         PUBLIC        CCON
  C:0D8BH         PUBLIC        _PrintCom
  D:0099H         PUBLIC        SBUF
  D:0098H         PUBLIC        SCON
  D:0089H         PUBLIC        TMOD
  D:0088H         PUBLIC        TCON
  C:0D3EH         PUBLIC        UartIni
  D:008DH         PUBLIC        TH1
  D:008BH         PUBLIC        TL1
BL51 BANKED LINKER/LOCATER V6.22                                                      11/14/2021  10:30:08  PAGE 14


  B:0088H.6       PUBLIC        TR1
  C:0E01H         PUBLIC        _UARTSendByte
  D:00D0H         PUBLIC        PSW
  -------         PROC          UARTINI
  C:0D3EH         LINE#         17
  C:0D3EH         LINE#         18
  C:0D3EH         LINE#         19
  C:0D41H         LINE#         20
  C:0D44H         LINE#         21
  C:0D5EH         LINE#         22
  C:0D60H         LINE#         23
  C:0D62H         LINE#         24
  C:0D64H         LINE#         25
  -------         ENDPROC       UARTINI
  -------         PROC          _UARTSENDBYTE
  D:0007H         SYMBOL        DAT
  C:0E01H         LINE#         32
  C:0E01H         LINE#         33
  C:0E01H         LINE#         34
  C:0E03H         LINE#         35
  C:0E05H         LINE#         36
  C:0E07H         LINE#         37
  C:0E0AH         LINE#         38
  C:0E0CH         LINE#         39
  C:0E0EH         LINE#         40
  -------         ENDPROC       _UARTSENDBYTE
  -------         PROC          _PRINTCOM
  D:0024H         SYMBOL        DAT
  C:0D8BH         LINE#         47
  C:0D91H         LINE#         48
  C:0D91H         LINE#         49
  C:0D9CH         LINE#         50
  C:0D9CH         LINE#         51
  C:0DADH         LINE#         52
  C:0DAFH         LINE#         53
  -------         ENDPROC       _PRINTCOM
  -------         PROC          _UART_SEND_STRING
  D:002AH         SYMBOL        DAT
  D:002DH         SYMBOL        len
  -------         DO            
  D:0004H         SYMBOL        i
  -------         ENDDO         
  C:0CB2H         LINE#         54
  C:0CBCH         LINE#         55
  C:0CBCH         LINE#         56
  C:0CBFH         LINE#         57
  C:0CCEH         LINE#         58
  C:0CCEH         LINE#         59
  C:0CDFH         LINE#         60
  C:0CE4H         LINE#         61
  C:0CE6H         LINE#         62
  -------         ENDPROC       _UART_SEND_STRING
  -------         ENDMOD        USART

  -------         MODULE        ?C?COPY
  C:0380H         PUBLIC        ?C?COPY
  -------         ENDMOD        ?C?COPY
BL51 BANKED LINKER/LOCATER V6.22                                                      11/14/2021  10:30:08  PAGE 15



  -------         MODULE        ?C?CLDPTR
  C:03A6H         PUBLIC        ?C?CLDPTR
  -------         ENDMOD        ?C?CLDPTR

  -------         MODULE        ?C?CLDOPTR
  C:03BFH         PUBLIC        ?C?CLDOPTR
  -------         ENDMOD        ?C?CLDOPTR

  -------         MODULE        ?C?SLDIV
  C:0BF2H         PUBLIC        ?C?SLDIV
  -------         ENDMOD        ?C?SLDIV

  -------         MODULE        ?C?LNEG
  C:03ECH         PUBLIC        ?C?LNEG
  -------         ENDMOD        ?C?LNEG

  -------         MODULE        ?C?LLDIIDATA
  C:0403H         PUBLIC        ?C?LLDIIDATA
  C:03FAH         PUBLIC        ?C?LLDIIDATA1
  C:03FCH         PUBLIC        ?C?LLDIIDATA8
  -------         ENDMOD        ?C?LLDIIDATA

  -------         MODULE        STRLEN
  C:0DECH         PUBLIC        _STRLEN
  -------         ENDMOD        STRLEN

  -------         MODULE        ?C?ULDIV
  C:0456H         PUBLIC        ?C?ULDIV
  -------         ENDMOD        ?C?ULDIV

Program Size: data=57.0 xdata=350 code=3654
LINK/LOCATE RUN COMPLETE.  0 WARNING(S),  0 ERROR(S)
